<html>
<body>
<pre>
<h1>µVision Build Log</h1>
<h2>Tool Versions:</h2>
IDE-Version: ¦ÌVision V5.14.0.0
Copyright (C) 2015 ARM Ltd and ARM Germany GmbH. All rights reserved.
License Information: huang hao, hh, LIC=----
 
Tool Versions:
Toolchain:       MDK-Lite  Version: 5.14.0.0
Toolchain Path:  C:\Keil_v5\ARM\ARMCC\Bin
C Compiler:      Armcc.exe V5.05 update 1 (build 106)
Assembler:       Armasm.exe V5.05 update 1 (build 106)
Linker/Locator:  ArmLink.exe V5.05 update 1 (build 106)
Library Manager: ArmAr.exe V5.05 update 1 (build 106)
Hex Converter:   FromElf.exe V5.05 update 1 (build 106)
CPU DLL:         SARMCM3.DLL V5.14.0.0
Dialog DLL:      DCM.DLL V1.13.1.0
Target DLL:      STLink\ST-LINKIII-KEIL_SWO.dll V2.0.14.0_KEIL
Dialog DLL:      TCM.DLL V1.14.4.0
 
<h2>Project:</h2>
C:\Users\stephen\Documents\GitProjects\DigitalInclinometer\cubuMXProject\MDK-ARM\DigitalInclinometer.uvprojx
Project File Date:  03/26/2020

<h2>Output:</h2>
Build target 'DigitalInclinometer'
compiling main.c...
../Src/main.c(164): warning:  #223-D: function "memcpy" declared implicitly
    memcpy(data + 1, (float *)(&x), sizeof(float));
../Src/main.c(183): warning:  #223-D: function "memcpy" declared implicitly
    memcpy(data + 1, (float *)(&pitch), sizeof(float));
../Src/main.c: 2 warnings, 0 errors
compiling ADXL355.c...
linking...
Program Size: Code=10576 RO-data=592 RW-data=96 ZI-data=1176  
FromELF: creating hex file...
"DigitalInclinometer\DigitalInclinometer.axf" - 0 Error(s), 2 Warning(s).

<h2>Software Packages used:</h2>

Package Vendor: ARM
                http://www.keil.com/pack/ARM.CMSIS.4.2.0.pack
                ARM::CMSIS:CORE:3.40.0
                CMSIS (Cortex Microcontroller Software Interface Standard)
   * Component: CORE Version: 3.40.0

<h2>Collection of Component include folders:</h2>
  C:\Users\stephen\Documents\GitProjects\DigitalInclinometer\cubuMXProject\MDK-ARM\RTE
  C:\Keil_v5\ARM\PACK\ARM\CMSIS\4.2.0\CMSIS\Include
  C:\Keil_v5\ARM\PACK\Keil\STM32F1xx_DFP\1.0.5\Device\Include

<h2>Collection of Component Files used:</h2>

   * Component: ARM::CMSIS:CORE:3.40.0
      Source file:   CMSIS\UserCodeTemplates\ARM\ITM_Retarget.c
</pre>
</body>
</html>
